apiVersion: v1
kind: ConfigMap
metadata:
  name: image2-config
  labels:
    team: flip
data:
  whitelist: |-
    teststring