apiVersion: v1
kind: ConfigMap
metadata:
  name: imageconf
  labels:
    team: one
data:
  somedata: svc.host.somewhere
